Flow report for student_circuit
Sat Oct  3 22:34:20 2026
Quartus Prime Version 25.1std.0 Build 1129 10/21/2025 SC Standard Edition


---------------------
; Table of Contents ;
---------------------
  1. Legal Notice
  2. Flow Summary
  3. Flow Settings
  4. Flow Non-Default Global Settings
  5. Flow Elapsed Time
  6. Flow OS Summary
  7. Flow Log
  8. Flow Messages
  9. Flow Suppressed Messages



----------------
; Legal Notice ;
----------------
Copyright (C) 2025  Altera Corporation. All rights reserved.
Your use of Altera Corporation's design tools, logic functions 
and other software and tools, and any partner logic 
functions, and any output files from any of the foregoing 
(including device programming or simulation files), and any 
associated documentation or information are expressly subject 
to the terms and conditions of the Altera Program License 
Subscription Agreement, the Altera Quartus Prime License Agreement,
the Altera IP License Agreement, or other applicable license
agreement, including, without limitation, that your use is for
the sole purpose of programming logic devices manufactured by
Altera and sold by Altera or its authorized distributors.  Please
refer to the Altera Software License Subscription Agreements 
on the Quartus Prime software download page.



+------------------------------------------------------------------------------------------+
; Flow Summary                                                                             ;
+------------------------------------+-----------------------------------------------------+
; Flow Status                        ; Successful - Sat Oct  3 22:34:20 2026               ;
; Quartus Prime Version              ; 25.1std.0 Build 1129 10/21/2025 SC Standard Edition ;
; Revision Name                      ; student_circuit                                     ;
; Top-level Entity Name              ; student_circuit                                     ;
; Family                             ; Cyclone IV E                                        ;
; Device                             ; EP4CE115F23C7                                       ;
; Timing Models                      ; Final                                               ;
; Total logic elements               ; 10 / 114,480 ( < 1 % )                              ;
;     Total combinational functions  ; 10 / 114,480 ( < 1 % )                              ;
;     Dedicated logic registers      ; 8 / 114,480 ( < 1 % )                               ;
; Total registers                    ; 8                                                   ;
; Total pins                         ; 18 / 281 ( 6 % )                                    ;
; Total virtual pins                 ; 0                                                   ;
; Total memory bits                  ; 0 / 3,981,312 ( 0 % )                               ;
; Embedded Multiplier 9-bit elements ; 0 / 532 ( 0 % )                                     ;
; Total PLLs                         ; 0 / 4 ( 0 % )                                       ;
+------------------------------------+-----------------------------------------------------+


+-----------------------------------------+
; Flow Settings                           ;
+-------------------+---------------------+
; Option            ; Setting             ;
+-------------------+---------------------+
; Start date & time ; 10/03/2026 22:33:59 ;
; Main task         ; Compilation         ;
; Revision Name     ; student_circuit     ;
+-------------------+---------------------+


+------------------------------------------------------------------------------------------------------------------------------------------------+
; Flow Non-Default Global Settings                                                                                                               ;
+-------------------------------------+----------------------------------------+---------------+-------------+-----------------------------------+
; Assignment Name                     ; Value                                  ; Default Value ; Entity Name ; Section Id                        ;
+-------------------------------------+----------------------------------------+---------------+-------------+-----------------------------------+
; COMPILER_SIGNATURE_ID               ; 94745061312614.179108843919666         ; --            ; --          ; --                                ;
; EDA_GENERATE_FUNCTIONAL_NETLIST     ; Off                                    ; --            ; --          ; eda_board_design_timing           ;
; EDA_GENERATE_FUNCTIONAL_NETLIST     ; Off                                    ; --            ; --          ; eda_board_design_boundary_scan    ;
; EDA_GENERATE_FUNCTIONAL_NETLIST     ; Off                                    ; --            ; --          ; eda_board_design_signal_integrity ;
; EDA_GENERATE_FUNCTIONAL_NETLIST     ; Off                                    ; --            ; --          ; eda_board_design_symbol           ;
; EDA_OUTPUT_DATA_FORMAT              ; Verilog Hdl                            ; --            ; --          ; eda_simulation                    ;
; EDA_SIMULATION_TOOL                 ; Questa Altera FPGA (Verilog)           ; <None>        ; --          ; --                                ;
; EDA_TIME_SCALE                      ; 1 ps                                   ; --            ; --          ; eda_simulation                    ;
; MAX_CORE_JUNCTION_TEMP              ; 85                                     ; --            ; --          ; --                                ;
; MIN_CORE_JUNCTION_TEMP              ; 0                                      ; --            ; --          ; --                                ;
; NOMINAL_CORE_SUPPLY_VOLTAGE         ; 1.2V                                   ; --            ; --          ; --                                ;
; PARTITION_COLOR                     ; -- (Not supported for targeted family) ; --            ; --          ; Top                               ;
; PARTITION_FITTER_PRESERVATION_LEVEL ; -- (Not supported for targeted family) ; --            ; --          ; Top                               ;
; PARTITION_NETLIST_TYPE              ; -- (Not supported for targeted family) ; --            ; --          ; Top                               ;
; PROJECT_OUTPUT_DIRECTORY            ; output_files                           ; --            ; --          ; --                                ;
+-------------------------------------+----------------------------------------+---------------+-------------+-----------------------------------+


+--------------------------------------------------------------------------------------------------------------------------+
; Flow Elapsed Time                                                                                                        ;
+----------------------+--------------+-------------------------+---------------------+------------------------------------+
; Module Name          ; Elapsed Time ; Average Processors Used ; Peak Virtual Memory ; Total CPU Time (on all processors) ;
+----------------------+--------------+-------------------------+---------------------+------------------------------------+
; Analysis & Synthesis ; 00:00:05     ; 1.0                     ; 753 MB              ; 00:00:14                           ;
; Fitter               ; 00:00:06     ; 1.0                     ; 1728 MB             ; 00:00:10                           ;
; Assembler            ; 00:00:02     ; 1.0                     ; 632 MB              ; 00:00:02                           ;
; Timing Analyzer      ; 00:00:02     ; 1.0                     ; 871 MB              ; 00:00:01                           ;
; EDA Netlist Writer   ; 00:00:00     ; 1.0                     ; 862 MB              ; 00:00:00                           ;
; Total                ; 00:00:15     ; --                      ; --                  ; 00:00:27                           ;
+----------------------+--------------+-------------------------+---------------------+------------------------------------+


+--------------------------------------------------------------------------------------------------+
; Flow OS Summary                                                                                  ;
+----------------------+------------------+--------------------------+------------+----------------+
; Module Name          ; Machine Hostname ; OS Name                  ; OS Version ; Processor type ;
+----------------------+------------------+--------------------------+------------+----------------+
; Analysis & Synthesis ; engr-tau-08L     ; Red Hat Enterprise Linux ; 8          ; x86_64         ;
; Fitter               ; engr-tau-08L     ; Red Hat Enterprise Linux ; 8          ; x86_64         ;
; Assembler            ; engr-tau-08L     ; Red Hat Enterprise Linux ; 8          ; x86_64         ;
; Timing Analyzer      ; engr-tau-08L     ; Red Hat Enterprise Linux ; 8          ; x86_64         ;
; EDA Netlist Writer   ; engr-tau-08L     ; Red Hat Enterprise Linux ; 8          ; x86_64         ;
+----------------------+------------------+--------------------------+------------+----------------+


------------
; Flow Log ;
------------
quartus_map --read_settings_files=on --write_settings_files=off student_circuit -c student_circuit
quartus_fit --read_settings_files=off --write_settings_files=off student_circuit -c student_circuit
quartus_asm --read_settings_files=off --write_settings_files=off student_circuit -c student_circuit
quartus_sta student_circuit -c student_circuit
quartus_eda --read_settings_files=off --write_settings_files=off student_circuit -c student_circuit



